{
  "workflowRunCount" : 10,
  "studies" : [ "TGL" ],
  "sequencerRuns" : [ "160721_NB551051_0005_AH757GBGXY", "160722_NB551051_0006_AH7HMNBGXY" ],
  "lanes" : [ "160721_NB551051_0005_AH757GBGXY_lane_1", "160722_NB551051_0006_AH7HMNBGXY_lane_1" ],
  "samples" : [ "TGL_0004_Ly_C_PE_304_WT", "TGL_0004_Ly_C_PE_305_WT", "TGL_0004_Ly_C_PE_306_MR", "TGL_0005_Ly_C_PE_304_WT", "TGL_0005_Ly_C_PE_305_WT", "TGL_0005_Ly_C_PE_306_WT", "TGL_0005_Ly_C_PE_307_MR", "TGL_0006_Ly_C_PE_304_WT", "TGL_0006_Ly_C_PE_305_WT", "TGL_0006_Ly_C_PE_306_MR" ],
  "workflows" : [ "STAR" ],
  "processingAlgorithms" : [ "ProvisionFiles" ],
  "fileMetaTypes" : [ "application/bam" ],
  "maxInputFiles" : 1,
  "minInputFiles" : 1,
  "totalInputFiles" : 10,
  "workflowRuns" : [ {
    "workflowIni" : {
      "additionalRSEMParams" : "",
      "bamutils" : "${workflow_bundle_dir}/Workflow_Bundle_RSEM/1.1/bin/ngsutils-0.5.9/bin/bamutils",
      "barcode" : "ACAGTGAT",
      "bundled_jre" : "${workflow_bundle_dir}/Workflow_Bundle_RSEM/1.1/bin/jre1.7.0_51/bin/java",
      "bundled_seqware" : "seqware-distribution-1.1.1-gsi-full.jar",
      "data_dir" : "data",
      "index_dir" : "/.mounts/labs/PDE/data/reference/hg19_random/RSEM/RSEM",
      "ius_accession" : "6580858",
      "lane" : "1",
      "library" : "TGL_0004_Ly_C_PE_304_WT",
      "manual_output" : "false",
      "metadata" : "metadata",
      "ngsutils_mem_mb" : "8000",
      "ngsutils_pythonpath" : "/.mounts/labs/PDE/Modules/sw/python/Python-2.7.12-gsi/lib/python2.7/site-packages/:${workflow_bundle_dir}/Workflow_Bundle_RSEM/1.1/bin/ngsutils-0.5.9/venv/lib/python2.7/site-packages/",
      "output_dir" : "seqware-results",
      "queue" : "",
      "rsem_dir" : "${workflow_bundle_dir}/Workflow_Bundle_RSEM/1.1/bin/RSEM-1.3.0/",
      "rsem_mem_mb" : "10000",
      "rsem_strandedness" : "reverse",
      "rsem_threads" : "6",
      "sequencer_run_name" : "160721_NB551051_0005_AH757GBGXY"
    },
    "files" : [ {
      "studyTitle" : [ "TGL" ],
      "studyAttributes" : {
        "geo_lab_group_id" : [ [ "225" ] ]
      },
      "experimentName" : [ ],
      "experimentAttributes" : { },
      "sampleName" : [ "TGL_0004_Ly_C_PE_304_WT" ],
      "sampleAttributes" : {
        "geo_external_name" : [ [ "0004" ] ],
        "geo_library_source_template_type" : [ [ "WT" ] ],
        "geo_organism" : [ [ "Homo sapiens" ] ],
        "geo_prep_kit" : [ [ "TruSeq_Stranded_TotalRNA" ] ],
        "geo_run_id_and_position_and_slot" : [ [ "2438_1_1", "2438_2_1", "2438_3_1", "2438_4_1", "2438_5_1" ] ],
        "geo_template_id" : [ [ "105043", "105044", "105046", "107593", "107682" ] ],
        "geo_template_type" : [ [ "Curls", "Identity", "Illumina_totalRNA_Library", "Illumina_totalRNA_Library_Seq", "whole RNA" ] ],
        "geo_tissue_origin" : [ [ "Ly" ] ],
        "geo_tissue_type" : [ [ "C" ] ]
      },
      "sequencerRunName" : [ "160721_NB551051_0005_AH757GBGXY" ],
      "sequencerRunAttributes" : {
        "geo_instrument_run_id" : [ [ "2438" ] ]
      },
      "laneName" : [ "160721_NB551051_0005_AH757GBGXY_lane_1" ],
      "laneAttributes" : {
        "geo_lane" : [ [ "1" ] ]
      },
      "iusTag" : [ "ACAGTGAT" ],
      "iusAttributes" : { },
      "workflowName" : [ "STAR" ],
      "processingAlgorithm" : [ "ProvisionFiles" ],
      "processingAttributes" : { },
      "fileMetaType" : [ "application/bam" ],
      "fileAttributes" : {
        "cvterms" : [ [ "EDAM:format_2572,EDAM:format_1921,EDAM:topic_0182" ] ]
      },
      "fileId" : -882470693
    } ]
  }, {
    "workflowIni" : {
      "additionalRSEMParams" : "",
      "bamutils" : "${workflow_bundle_dir}/Workflow_Bundle_RSEM/1.1/bin/ngsutils-0.5.9/bin/bamutils",
      "barcode" : "ATTACTCG",
      "bundled_jre" : "${workflow_bundle_dir}/Workflow_Bundle_RSEM/1.1/bin/jre1.7.0_51/bin/java",
      "bundled_seqware" : "seqware-distribution-1.1.1-gsi-full.jar",
      "data_dir" : "data",
      "index_dir" : "/.mounts/labs/PDE/data/reference/hg19_random/RSEM/RSEM",
      "ius_accession" : "6580848",
      "lane" : "1",
      "library" : "TGL_0004_Ly_C_PE_305_WT",
      "manual_output" : "false",
      "metadata" : "metadata",
      "ngsutils_mem_mb" : "8000",
      "ngsutils_pythonpath" : "/.mounts/labs/PDE/Modules/sw/python/Python-2.7.12-gsi/lib/python2.7/site-packages/:${workflow_bundle_dir}/Workflow_Bundle_RSEM/1.1/bin/ngsutils-0.5.9/venv/lib/python2.7/site-packages/",
      "output_dir" : "seqware-results",
      "queue" : "",
      "rsem_dir" : "${workflow_bundle_dir}/Workflow_Bundle_RSEM/1.1/bin/RSEM-1.3.0/",
      "rsem_mem_mb" : "10000",
      "rsem_strandedness" : "reverse",
      "rsem_threads" : "6",
      "sequencer_run_name" : "160722_NB551051_0006_AH7HMNBGXY"
    },
    "files" : [ {
      "studyTitle" : [ "TGL" ],
      "studyAttributes" : {
        "geo_lab_group_id" : [ [ "225" ] ]
      },
      "experimentName" : [ ],
      "experimentAttributes" : { },
      "sampleName" : [ "TGL_0004_Ly_C_PE_305_WT" ],
      "sampleAttributes" : {
        "geo_external_name" : [ [ "0004" ] ],
        "geo_library_source_template_type" : [ [ "WT" ] ],
        "geo_organism" : [ [ "Homo sapiens" ] ],
        "geo_prep_kit" : [ [ "Smarter Stranded Total Pico Mammalian" ] ],
        "geo_run_id_and_position_and_slot" : [ [ "2439_1_1", "2439_2_1", "2439_3_1", "2439_4_1", "2443_1,1_1" ] ],
        "geo_template_id" : [ [ "105043", "105044", "105046", "107596", "107631", "107683" ] ],
        "geo_template_type" : [ [ "Curls", "Identity", "Illumina WT Library", "Illumina WT Library Seq", "rRNA_depleted", "whole RNA" ] ],
        "geo_tissue_origin" : [ [ "Ly" ] ],
        "geo_tissue_type" : [ [ "C" ] ]
      },
      "sequencerRunName" : [ "160722_NB551051_0006_AH7HMNBGXY" ],
      "sequencerRunAttributes" : {
        "geo_instrument_run_id" : [ [ "2439" ] ]
      },
      "laneName" : [ "160722_NB551051_0006_AH7HMNBGXY_lane_1" ],
      "laneAttributes" : {
        "geo_lane" : [ [ "1" ] ]
      },
      "iusTag" : [ "ATTACTCG" ],
      "iusAttributes" : { },
      "workflowName" : [ "STAR" ],
      "processingAlgorithm" : [ "ProvisionFiles" ],
      "processingAttributes" : { },
      "fileMetaType" : [ "application/bam" ],
      "fileAttributes" : {
        "cvterms" : [ [ "EDAM:format_2572,EDAM:format_1921,EDAM:topic_0182" ] ]
      },
      "fileId" : 649035891
    } ]
  }, {
    "workflowIni" : {
      "additionalRSEMParams" : "",
      "bamutils" : "${workflow_bundle_dir}/Workflow_Bundle_RSEM/1.1/bin/ngsutils-0.5.9/bin/bamutils",
      "barcode" : "CGATGTAT",
      "bundled_jre" : "${workflow_bundle_dir}/Workflow_Bundle_RSEM/1.1/bin/jre1.7.0_51/bin/java",
      "bundled_seqware" : "seqware-distribution-1.1.1-gsi-full.jar",
      "data_dir" : "data",
      "index_dir" : "/.mounts/labs/PDE/data/reference/hg19_random/RSEM/RSEM",
      "ius_accession" : "6580840",
      "lane" : "1",
      "library" : "TGL_0004_Ly_C_PE_306_MR",
      "manual_output" : "false",
      "metadata" : "metadata",
      "ngsutils_mem_mb" : "8000",
      "ngsutils_pythonpath" : "/.mounts/labs/PDE/Modules/sw/python/Python-2.7.12-gsi/lib/python2.7/site-packages/:${workflow_bundle_dir}/Workflow_Bundle_RSEM/1.1/bin/ngsutils-0.5.9/venv/lib/python2.7/site-packages/",
      "output_dir" : "seqware-results",
      "queue" : "",
      "rsem_dir" : "${workflow_bundle_dir}/Workflow_Bundle_RSEM/1.1/bin/RSEM-1.3.0/",
      "rsem_mem_mb" : "10000",
      "rsem_strandedness" : "reverse",
      "rsem_threads" : "6",
      "sequencer_run_name" : "160722_NB551051_0006_AH7HMNBGXY"
    },
    "files" : [ {
      "studyTitle" : [ "TGL" ],
      "studyAttributes" : {
        "geo_lab_group_id" : [ [ "225" ] ]
      },
      "experimentName" : [ ],
      "experimentAttributes" : { },
      "sampleName" : [ "TGL_0004_Ly_C_PE_306_MR" ],
      "sampleAttributes" : {
        "geo_external_name" : [ [ "0004" ] ],
        "geo_library_source_template_type" : [ [ "MR" ] ],
        "geo_organism" : [ [ "Homo sapiens" ] ],
        "geo_prep_kit" : [ [ "TruSeq RNA Access " ] ],
        "geo_run_id_and_position_and_slot" : [ [ "2439_1_1", "2439_2_1", "2439_3_1", "2439_4_1", "2443_1,1_1" ] ],
        "geo_template_id" : [ [ "105043", "105044", "105046", "107601", "107605", "107684" ] ],
        "geo_template_type" : [ [ "Curls", "Identity", "Illumina WT Library", "Illumina WT Library Seq", "cDNA", "whole RNA" ] ],
        "geo_tissue_origin" : [ [ "Ly" ] ],
        "geo_tissue_type" : [ [ "C" ] ]
      },
      "sequencerRunName" : [ "160722_NB551051_0006_AH7HMNBGXY" ],
      "sequencerRunAttributes" : {
        "geo_instrument_run_id" : [ [ "2439" ] ]
      },
      "laneName" : [ "160722_NB551051_0006_AH7HMNBGXY_lane_1" ],
      "laneAttributes" : {
        "geo_lane" : [ [ "1" ] ]
      },
      "iusTag" : [ "CGATGTAT" ],
      "iusAttributes" : { },
      "workflowName" : [ "STAR" ],
      "processingAlgorithm" : [ "ProvisionFiles" ],
      "processingAttributes" : { },
      "fileMetaType" : [ "application/bam" ],
      "fileAttributes" : {
        "cvterms" : [ [ "EDAM:format_2572,EDAM:format_1921,EDAM:topic_0182" ] ]
      },
      "fileId" : -1681916641
    } ]
  }, {
    "workflowIni" : {
      "additionalRSEMParams" : "",
      "bamutils" : "${workflow_bundle_dir}/Workflow_Bundle_RSEM/1.1/bin/ngsutils-0.5.9/bin/bamutils",
      "barcode" : "ATGTCAGA",
      "bundled_jre" : "${workflow_bundle_dir}/Workflow_Bundle_RSEM/1.1/bin/jre1.7.0_51/bin/java",
      "bundled_seqware" : "seqware-distribution-1.1.1-gsi-full.jar",
      "data_dir" : "data",
      "index_dir" : "/.mounts/labs/PDE/data/reference/hg19_random/RSEM/RSEM",
      "ius_accession" : "6580860",
      "lane" : "1",
      "library" : "TGL_0005_Ly_C_PE_304_WT",
      "manual_output" : "false",
      "metadata" : "metadata",
      "ngsutils_mem_mb" : "8000",
      "ngsutils_pythonpath" : "/.mounts/labs/PDE/Modules/sw/python/Python-2.7.12-gsi/lib/python2.7/site-packages/:${workflow_bundle_dir}/Workflow_Bundle_RSEM/1.1/bin/ngsutils-0.5.9/venv/lib/python2.7/site-packages/",
      "output_dir" : "seqware-results",
      "queue" : "",
      "rsem_dir" : "${workflow_bundle_dir}/Workflow_Bundle_RSEM/1.1/bin/RSEM-1.3.0/",
      "rsem_mem_mb" : "10000",
      "rsem_strandedness" : "reverse",
      "rsem_threads" : "6",
      "sequencer_run_name" : "160721_NB551051_0005_AH757GBGXY"
    },
    "files" : [ {
      "studyTitle" : [ "TGL" ],
      "studyAttributes" : {
        "geo_lab_group_id" : [ [ "225" ] ]
      },
      "experimentName" : [ ],
      "experimentAttributes" : { },
      "sampleName" : [ "TGL_0005_Ly_C_PE_304_WT" ],
      "sampleAttributes" : {
        "geo_external_name" : [ [ "0005" ] ],
        "geo_library_source_template_type" : [ [ "WT" ] ],
        "geo_organism" : [ [ "Homo sapiens" ] ],
        "geo_prep_kit" : [ [ "TruSeq_Stranded_TotalRNA" ] ],
        "geo_run_id_and_position_and_slot" : [ [ "2438_1_1", "2438_2_1", "2438_3_1", "2438_4_1", "2438_5_1" ] ],
        "geo_template_id" : [ [ "105051", "105052", "105054", "107602", "107685" ] ],
        "geo_template_type" : [ [ "Curls", "Identity", "Illumina_totalRNA_Library", "Illumina_totalRNA_Library_Seq", "whole RNA" ] ],
        "geo_tissue_origin" : [ [ "Ly" ] ],
        "geo_tissue_type" : [ [ "C" ] ]
      },
      "sequencerRunName" : [ "160721_NB551051_0005_AH757GBGXY" ],
      "sequencerRunAttributes" : {
        "geo_instrument_run_id" : [ [ "2438" ] ]
      },
      "laneName" : [ "160721_NB551051_0005_AH757GBGXY_lane_1" ],
      "laneAttributes" : {
        "geo_lane" : [ [ "1" ] ]
      },
      "iusTag" : [ "ATGTCAGA" ],
      "iusAttributes" : { },
      "workflowName" : [ "STAR" ],
      "processingAlgorithm" : [ "ProvisionFiles" ],
      "processingAttributes" : { },
      "fileMetaType" : [ "application/bam" ],
      "fileAttributes" : {
        "cvterms" : [ [ "EDAM:format_2572,EDAM:format_1921,EDAM:topic_0182" ] ]
      },
      "fileId" : -311456573
    } ]
  }, {
    "workflowIni" : {
      "additionalRSEMParams" : "",
      "bamutils" : "${workflow_bundle_dir}/Workflow_Bundle_RSEM/1.1/bin/ngsutils-0.5.9/bin/bamutils",
      "barcode" : "CTTGTAAT",
      "bundled_jre" : "${workflow_bundle_dir}/Workflow_Bundle_RSEM/1.1/bin/jre1.7.0_51/bin/java",
      "bundled_seqware" : "seqware-distribution-1.1.1-gsi-full.jar",
      "data_dir" : "data",
      "index_dir" : "/.mounts/labs/PDE/data/reference/hg19_random/RSEM/RSEM",
      "ius_accession" : "6580856",
      "lane" : "1",
      "library" : "TGL_0005_Ly_C_PE_305_WT",
      "manual_output" : "false",
      "metadata" : "metadata",
      "ngsutils_mem_mb" : "8000",
      "ngsutils_pythonpath" : "/.mounts/labs/PDE/Modules/sw/python/Python-2.7.12-gsi/lib/python2.7/site-packages/:${workflow_bundle_dir}/Workflow_Bundle_RSEM/1.1/bin/ngsutils-0.5.9/venv/lib/python2.7/site-packages/",
      "output_dir" : "seqware-results",
      "queue" : "",
      "rsem_dir" : "${workflow_bundle_dir}/Workflow_Bundle_RSEM/1.1/bin/RSEM-1.3.0/",
      "rsem_mem_mb" : "10000",
      "rsem_strandedness" : "reverse",
      "rsem_threads" : "6",
      "sequencer_run_name" : "160721_NB551051_0005_AH757GBGXY"
    },
    "files" : [ {
      "studyTitle" : [ "TGL" ],
      "studyAttributes" : {
        "geo_lab_group_id" : [ [ "225" ] ]
      },
      "experimentName" : [ ],
      "experimentAttributes" : { },
      "sampleName" : [ "TGL_0005_Ly_C_PE_305_WT" ],
      "sampleAttributes" : {
        "geo_external_name" : [ [ "0005" ] ],
        "geo_library_source_template_type" : [ [ "WT" ] ],
        "geo_organism" : [ [ "Homo sapiens" ] ],
        "geo_prep_kit" : [ [ "TruSeq_Stranded_TotalRNA" ] ],
        "geo_run_id_and_position_and_slot" : [ [ "2438_1_1", "2438_2_1", "2438_3_1", "2438_4_1", "2438_5_1" ] ],
        "geo_template_id" : [ [ "105051", "105052", "105054", "107603", "107686" ] ],
        "geo_template_type" : [ [ "Curls", "Identity", "Illumina_totalRNA_Library", "Illumina_totalRNA_Library_Seq", "whole RNA" ] ],
        "geo_tissue_origin" : [ [ "Ly" ] ],
        "geo_tissue_type" : [ [ "C" ] ]
      },
      "sequencerRunName" : [ "160721_NB551051_0005_AH757GBGXY" ],
      "sequencerRunAttributes" : {
        "geo_instrument_run_id" : [ [ "2438" ] ]
      },
      "laneName" : [ "160721_NB551051_0005_AH757GBGXY_lane_1" ],
      "laneAttributes" : {
        "geo_lane" : [ [ "1" ] ]
      },
      "iusTag" : [ "CTTGTAAT" ],
      "iusAttributes" : { },
      "workflowName" : [ "STAR" ],
      "processingAlgorithm" : [ "ProvisionFiles" ],
      "processingAttributes" : { },
      "fileMetaType" : [ "application/bam" ],
      "fileAttributes" : {
        "cvterms" : [ [ "EDAM:format_2572,EDAM:format_1921,EDAM:topic_0182" ] ]
      },
      "fileId" : 654570500
    } ]
  }, {
    "workflowIni" : {
      "additionalRSEMParams" : "",
      "bamutils" : "${workflow_bundle_dir}/Workflow_Bundle_RSEM/1.1/bin/ngsutils-0.5.9/bin/bamutils",
      "barcode" : "TCCGGAGA",
      "bundled_jre" : "${workflow_bundle_dir}/Workflow_Bundle_RSEM/1.1/bin/jre1.7.0_51/bin/java",
      "bundled_seqware" : "seqware-distribution-1.1.1-gsi-full.jar",
      "data_dir" : "data",
      "index_dir" : "/.mounts/labs/PDE/data/reference/hg19_random/RSEM/RSEM",
      "ius_accession" : "6580850",
      "lane" : "1",
      "library" : "TGL_0005_Ly_C_PE_306_WT",
      "manual_output" : "false",
      "metadata" : "metadata",
      "ngsutils_mem_mb" : "8000",
      "ngsutils_pythonpath" : "/.mounts/labs/PDE/Modules/sw/python/Python-2.7.12-gsi/lib/python2.7/site-packages/:${workflow_bundle_dir}/Workflow_Bundle_RSEM/1.1/bin/ngsutils-0.5.9/venv/lib/python2.7/site-packages/",
      "output_dir" : "seqware-results",
      "queue" : "",
      "rsem_dir" : "${workflow_bundle_dir}/Workflow_Bundle_RSEM/1.1/bin/RSEM-1.3.0/",
      "rsem_mem_mb" : "10000",
      "rsem_strandedness" : "reverse",
      "rsem_threads" : "6",
      "sequencer_run_name" : "160721_NB551051_0005_AH757GBGXY"
    },
    "files" : [ {
      "studyTitle" : [ "TGL" ],
      "studyAttributes" : {
        "geo_lab_group_id" : [ [ "225" ] ]
      },
      "experimentName" : [ ],
      "experimentAttributes" : { },
      "sampleName" : [ "TGL_0005_Ly_C_PE_306_WT" ],
      "sampleAttributes" : {
        "geo_external_name" : [ [ "0005" ] ],
        "geo_library_source_template_type" : [ [ "WT" ] ],
        "geo_organism" : [ [ "Homo sapiens" ] ],
        "geo_prep_kit" : [ [ "Smarter Stranded Total Pico Mammalian" ] ],
        "geo_run_id_and_position_and_slot" : [ [ "2438_1_1", "2438_2_1", "2438_3_1", "2438_4_1", "2438_5_1" ] ],
        "geo_template_id" : [ [ "105051", "105052", "105054", "107614", "107648", "107687" ] ],
        "geo_template_type" : [ [ "Curls", "Identity", "Illumina WT Library", "Illumina WT Library Seq", "rRNA_depleted", "whole RNA" ] ],
        "geo_tissue_origin" : [ [ "Ly" ] ],
        "geo_tissue_type" : [ [ "C" ] ]
      },
      "sequencerRunName" : [ "160721_NB551051_0005_AH757GBGXY" ],
      "sequencerRunAttributes" : {
        "geo_instrument_run_id" : [ [ "2438" ] ]
      },
      "laneName" : [ "160721_NB551051_0005_AH757GBGXY_lane_1" ],
      "laneAttributes" : {
        "geo_lane" : [ [ "1" ] ]
      },
      "iusTag" : [ "TCCGGAGA" ],
      "iusAttributes" : { },
      "workflowName" : [ "STAR" ],
      "processingAlgorithm" : [ "ProvisionFiles" ],
      "processingAttributes" : { },
      "fileMetaType" : [ "application/bam" ],
      "fileAttributes" : {
        "cvterms" : [ [ "EDAM:format_2572,EDAM:format_1921,EDAM:topic_0182" ] ]
      },
      "fileId" : -616115362
    } ]
  }, {
    "workflowIni" : {
      "additionalRSEMParams" : "",
      "bamutils" : "${workflow_bundle_dir}/Workflow_Bundle_RSEM/1.1/bin/ngsutils-0.5.9/bin/bamutils",
      "barcode" : "CAGATCAT",
      "bundled_jre" : "${workflow_bundle_dir}/Workflow_Bundle_RSEM/1.1/bin/jre1.7.0_51/bin/java",
      "bundled_seqware" : "seqware-distribution-1.1.1-gsi-full.jar",
      "data_dir" : "data",
      "index_dir" : "/.mounts/labs/PDE/data/reference/hg19_random/RSEM/RSEM",
      "ius_accession" : "6580838",
      "lane" : "1",
      "library" : "TGL_0005_Ly_C_PE_307_MR",
      "manual_output" : "false",
      "metadata" : "metadata",
      "ngsutils_mem_mb" : "8000",
      "ngsutils_pythonpath" : "/.mounts/labs/PDE/Modules/sw/python/Python-2.7.12-gsi/lib/python2.7/site-packages/:${workflow_bundle_dir}/Workflow_Bundle_RSEM/1.1/bin/ngsutils-0.5.9/venv/lib/python2.7/site-packages/",
      "output_dir" : "seqware-results",
      "queue" : "",
      "rsem_dir" : "${workflow_bundle_dir}/Workflow_Bundle_RSEM/1.1/bin/RSEM-1.3.0/",
      "rsem_mem_mb" : "10000",
      "rsem_strandedness" : "reverse",
      "rsem_threads" : "6",
      "sequencer_run_name" : "160722_NB551051_0006_AH7HMNBGXY"
    },
    "files" : [ {
      "studyTitle" : [ "TGL" ],
      "studyAttributes" : {
        "geo_lab_group_id" : [ [ "225" ] ]
      },
      "experimentName" : [ ],
      "experimentAttributes" : { },
      "sampleName" : [ "TGL_0005_Ly_C_PE_307_MR" ],
      "sampleAttributes" : {
        "geo_external_name" : [ [ "0005" ] ],
        "geo_library_source_template_type" : [ [ "MR" ] ],
        "geo_organism" : [ [ "Homo sapiens" ] ],
        "geo_prep_kit" : [ [ "TruSeq RNA Access " ] ],
        "geo_run_id_and_position_and_slot" : [ [ "2439_1_1", "2439_2_1", "2439_3_1", "2439_4_1", "2443_1,1_1" ] ],
        "geo_template_id" : [ [ "105051", "105052", "105054", "107679", "107688" ] ],
        "geo_template_type" : [ [ "Curls", "Identity", "Illumina WT Library", "Illumina WT Library Seq", "whole RNA" ] ],
        "geo_tissue_origin" : [ [ "Ly" ] ],
        "geo_tissue_type" : [ [ "C" ] ]
      },
      "sequencerRunName" : [ "160722_NB551051_0006_AH7HMNBGXY" ],
      "sequencerRunAttributes" : {
        "geo_instrument_run_id" : [ [ "2439" ] ]
      },
      "laneName" : [ "160722_NB551051_0006_AH7HMNBGXY_lane_1" ],
      "laneAttributes" : {
        "geo_lane" : [ [ "1" ] ]
      },
      "iusTag" : [ "CAGATCAT" ],
      "iusAttributes" : { },
      "workflowName" : [ "STAR" ],
      "processingAlgorithm" : [ "ProvisionFiles" ],
      "processingAttributes" : { },
      "fileMetaType" : [ "application/bam" ],
      "fileAttributes" : {
        "cvterms" : [ [ "EDAM:format_2572,EDAM:format_1921,EDAM:topic_0182" ] ]
      },
      "fileId" : 288111208
    } ]
  }, {
    "workflowIni" : {
      "additionalRSEMParams" : "",
      "bamutils" : "${workflow_bundle_dir}/Workflow_Bundle_RSEM/1.1/bin/ngsutils-0.5.9/bin/bamutils",
      "barcode" : "GTGAAACG",
      "bundled_jre" : "${workflow_bundle_dir}/Workflow_Bundle_RSEM/1.1/bin/jre1.7.0_51/bin/java",
      "bundled_seqware" : "seqware-distribution-1.1.1-gsi-full.jar",
      "data_dir" : "data",
      "index_dir" : "/.mounts/labs/PDE/data/reference/hg19_random/RSEM/RSEM",
      "ius_accession" : "6580854",
      "lane" : "1",
      "library" : "TGL_0006_Ly_C_PE_304_WT",
      "manual_output" : "false",
      "metadata" : "metadata",
      "ngsutils_mem_mb" : "8000",
      "ngsutils_pythonpath" : "/.mounts/labs/PDE/Modules/sw/python/Python-2.7.12-gsi/lib/python2.7/site-packages/:${workflow_bundle_dir}/Workflow_Bundle_RSEM/1.1/bin/ngsutils-0.5.9/venv/lib/python2.7/site-packages/",
      "output_dir" : "seqware-results",
      "queue" : "",
      "rsem_dir" : "${workflow_bundle_dir}/Workflow_Bundle_RSEM/1.1/bin/RSEM-1.3.0/",
      "rsem_mem_mb" : "10000",
      "rsem_strandedness" : "reverse",
      "rsem_threads" : "6",
      "sequencer_run_name" : "160721_NB551051_0005_AH757GBGXY"
    },
    "files" : [ {
      "studyTitle" : [ "TGL" ],
      "studyAttributes" : {
        "geo_lab_group_id" : [ [ "225" ] ]
      },
      "experimentName" : [ ],
      "experimentAttributes" : { },
      "sampleName" : [ "TGL_0006_Ly_C_PE_304_WT" ],
      "sampleAttributes" : {
        "geo_external_name" : [ [ "0006" ] ],
        "geo_library_source_template_type" : [ [ "WT" ] ],
        "geo_organism" : [ [ "Homo sapiens" ] ],
        "geo_prep_kit" : [ [ "TruSeq_Stranded_TotalRNA" ] ],
        "geo_run_id_and_position_and_slot" : [ [ "2438_1_1", "2438_2_1", "2438_3_1", "2438_4_1", "2438_5_1" ] ],
        "geo_template_id" : [ [ "105059", "105060", "105062", "107604", "107689" ] ],
        "geo_template_type" : [ [ "Curls", "Identity", "Illumina_totalRNA_Library", "Illumina_totalRNA_Library_Seq", "whole RNA" ] ],
        "geo_tissue_origin" : [ [ "Ly" ] ],
        "geo_tissue_type" : [ [ "C" ] ]
      },
      "sequencerRunName" : [ "160721_NB551051_0005_AH757GBGXY" ],
      "sequencerRunAttributes" : {
        "geo_instrument_run_id" : [ [ "2438" ] ]
      },
      "laneName" : [ "160721_NB551051_0005_AH757GBGXY_lane_1" ],
      "laneAttributes" : {
        "geo_lane" : [ [ "1" ] ]
      },
      "iusTag" : [ "GTGAAACG" ],
      "iusAttributes" : { },
      "workflowName" : [ "STAR" ],
      "processingAlgorithm" : [ "ProvisionFiles" ],
      "processingAttributes" : { },
      "fileMetaType" : [ "application/bam" ],
      "fileAttributes" : {
        "cvterms" : [ [ "EDAM:format_2572,EDAM:format_1921,EDAM:topic_0182" ] ]
      },
      "fileId" : 922917669
    } ]
  }, {
    "workflowIni" : {
      "additionalRSEMParams" : "",
      "bamutils" : "${workflow_bundle_dir}/Workflow_Bundle_RSEM/1.1/bin/ngsutils-0.5.9/bin/bamutils",
      "barcode" : "CGCTCATT",
      "bundled_jre" : "${workflow_bundle_dir}/Workflow_Bundle_RSEM/1.1/bin/jre1.7.0_51/bin/java",
      "bundled_seqware" : "seqware-distribution-1.1.1-gsi-full.jar",
      "data_dir" : "data",
      "index_dir" : "/.mounts/labs/PDE/data/reference/hg19_random/RSEM/RSEM",
      "ius_accession" : "6580846",
      "lane" : "1",
      "library" : "TGL_0006_Ly_C_PE_305_WT",
      "manual_output" : "false",
      "metadata" : "metadata",
      "ngsutils_mem_mb" : "8000",
      "ngsutils_pythonpath" : "/.mounts/labs/PDE/Modules/sw/python/Python-2.7.12-gsi/lib/python2.7/site-packages/:${workflow_bundle_dir}/Workflow_Bundle_RSEM/1.1/bin/ngsutils-0.5.9/venv/lib/python2.7/site-packages/",
      "output_dir" : "seqware-results",
      "queue" : "",
      "rsem_dir" : "${workflow_bundle_dir}/Workflow_Bundle_RSEM/1.1/bin/RSEM-1.3.0/",
      "rsem_mem_mb" : "10000",
      "rsem_strandedness" : "reverse",
      "rsem_threads" : "6",
      "sequencer_run_name" : "160722_NB551051_0006_AH7HMNBGXY"
    },
    "files" : [ {
      "studyTitle" : [ "TGL" ],
      "studyAttributes" : {
        "geo_lab_group_id" : [ [ "225" ] ]
      },
      "experimentName" : [ ],
      "experimentAttributes" : { },
      "sampleName" : [ "TGL_0006_Ly_C_PE_305_WT" ],
      "sampleAttributes" : {
        "geo_external_name" : [ [ "0006" ] ],
        "geo_library_source_template_type" : [ [ "WT" ] ],
        "geo_organism" : [ [ "Homo sapiens" ] ],
        "geo_prep_kit" : [ [ "Smarter Stranded Total Pico Mammalian" ] ],
        "geo_run_id_and_position_and_slot" : [ [ "2439_1_1", "2439_2_1", "2439_3_1", "2439_4_1", "2443_1,1_1" ] ],
        "geo_template_id" : [ [ "105059", "105060", "105062", "107680", "107690" ] ],
        "geo_template_type" : [ [ "Curls", "Identity", "Illumina_totalRNA_Library", "Illumina_totalRNA_Library_Seq", "whole RNA" ] ],
        "geo_tissue_origin" : [ [ "Ly" ] ],
        "geo_tissue_type" : [ [ "C" ] ]
      },
      "sequencerRunName" : [ "160722_NB551051_0006_AH7HMNBGXY" ],
      "sequencerRunAttributes" : {
        "geo_instrument_run_id" : [ [ "2439" ] ]
      },
      "laneName" : [ "160722_NB551051_0006_AH7HMNBGXY_lane_1" ],
      "laneAttributes" : {
        "geo_lane" : [ [ "1" ] ]
      },
      "iusTag" : [ "CGCTCATT" ],
      "iusAttributes" : { },
      "workflowName" : [ "STAR" ],
      "processingAlgorithm" : [ "ProvisionFiles" ],
      "processingAttributes" : { },
      "fileMetaType" : [ "application/bam" ],
      "fileAttributes" : {
        "cvterms" : [ [ "EDAM:format_2572,EDAM:format_1921,EDAM:topic_0182" ] ]
      },
      "fileId" : -500245883
    } ]
  }, {
    "workflowIni" : {
      "additionalRSEMParams" : "",
      "bamutils" : "${workflow_bundle_dir}/Workflow_Bundle_RSEM/1.1/bin/ngsutils-0.5.9/bin/bamutils",
      "barcode" : "GTGAAACG",
      "bundled_jre" : "${workflow_bundle_dir}/Workflow_Bundle_RSEM/1.1/bin/jre1.7.0_51/bin/java",
      "bundled_seqware" : "seqware-distribution-1.1.1-gsi-full.jar",
      "data_dir" : "data",
      "index_dir" : "/.mounts/labs/PDE/data/reference/hg19_random/RSEM/RSEM",
      "ius_accession" : "6580852",
      "lane" : "1",
      "library" : "TGL_0006_Ly_C_PE_306_MR",
      "manual_output" : "false",
      "metadata" : "metadata",
      "ngsutils_mem_mb" : "8000",
      "ngsutils_pythonpath" : "/.mounts/labs/PDE/Modules/sw/python/Python-2.7.12-gsi/lib/python2.7/site-packages/:${workflow_bundle_dir}/Workflow_Bundle_RSEM/1.1/bin/ngsutils-0.5.9/venv/lib/python2.7/site-packages/",
      "output_dir" : "seqware-results",
      "queue" : "",
      "rsem_dir" : "${workflow_bundle_dir}/Workflow_Bundle_RSEM/1.1/bin/RSEM-1.3.0/",
      "rsem_mem_mb" : "10000",
      "rsem_strandedness" : "reverse",
      "rsem_threads" : "6",
      "sequencer_run_name" : "160722_NB551051_0006_AH7HMNBGXY"
    },
    "files" : [ {
      "studyTitle" : [ "TGL" ],
      "studyAttributes" : {
        "geo_lab_group_id" : [ [ "225" ] ]
      },
      "experimentName" : [ ],
      "experimentAttributes" : { },
      "sampleName" : [ "TGL_0006_Ly_C_PE_306_MR" ],
      "sampleAttributes" : {
        "geo_external_name" : [ [ "0006" ] ],
        "geo_library_source_template_type" : [ [ "MR" ] ],
        "geo_organism" : [ [ "Homo sapiens" ] ],
        "geo_prep_kit" : [ [ "TruSeq RNA Access " ] ],
        "geo_run_id_and_position_and_slot" : [ [ "2439_1_1", "2439_2_1", "2439_3_1", "2439_4_1", "2443_1,1_1" ] ],
        "geo_template_id" : [ [ "105059", "105060", "105062", "107681", "107691" ] ],
        "geo_template_type" : [ [ "Curls", "Identity", "Illumina WT Library", "Illumina WT Library Seq", "whole RNA" ] ],
        "geo_tissue_origin" : [ [ "Ly" ] ],
        "geo_tissue_type" : [ [ "C" ] ]
      },
      "sequencerRunName" : [ "160722_NB551051_0006_AH7HMNBGXY" ],
      "sequencerRunAttributes" : {
        "geo_instrument_run_id" : [ [ "2439" ] ]
      },
      "laneName" : [ "160722_NB551051_0006_AH7HMNBGXY_lane_1" ],
      "laneAttributes" : {
        "geo_lane" : [ [ "1" ] ]
      },
      "iusTag" : [ "GTGAAACG" ],
      "iusAttributes" : { },
      "workflowName" : [ "STAR" ],
      "processingAlgorithm" : [ "ProvisionFiles" ],
      "processingAttributes" : { },
      "fileMetaType" : [ "application/bam" ],
      "fileAttributes" : {
        "cvterms" : [ [ "EDAM:format_2572,EDAM:format_1921,EDAM:topic_0182" ] ]
      },
      "fileId" : -1072746401
    } ]
  } ]
}
